---
source: src/query/ir.rs
description: "WithComponent(\"ecsdb::Test\").simplify().sql_query()"
---
SqlFragment<ecsdb::query::ir::Select> {
    sql: "select distinct entity from components where (select true from components c2 where c2.entity = components.entity and c2.component = ?1)",
    placeholders: [
        (
            "?1",
            Text(
                "ecsdb::Test",
            ),
        ),
    ],
}
