---
source: src/query/ir.rs
description: "Or([WithComponent(\"ecsdb::Test\"), EntityId(42)]).sql_query()"
---
SqlFragment<ecsdb::query::ir::Select> {
    sql: "select distinct entity from components where (entity in (select entity from components where component = :1) or entity = :2)",
    placeholders: [
        (
            ":1",
            <dyn ToSql>,
        ),
        (
            ":2",
            <dyn ToSql>,
        ),
    ],
}
