---
source: src/query/ir.rs
description: "WithComponent(\"ecsdb::Test\").sql_query()"
---
SqlFragment<ecsdb::query::ir::Select> {
    sql: "select distinct entity from components where entity in (select entity from components where component = ?1)",
    placeholders: [
        (
            "?1",
            <dyn ToSql>,
        ),
    ],
}
