---
source: src/query/ir.rs
description: EntityId(42).simplify()
---
EntityId(
    42,
)
