---
source: src/query/ir.rs
description: None.simplify()
---
None
