---
source: src/query/ir.rs
description: "And([WithComponent(\"ecsdb::Test\"), EntityId(42)]).simplify()"
---
And(
    [
        WithComponent(
            "ecsdb::Test",
        ),
        EntityId(
            42,
        ),
    ],
)
