---
source: src/query/ir.rs
description: "And([WithComponent(\"ecsdb::Foo\"), WithoutComponent(\"ecsdb::Bar\")]).sql_query()"
---
SqlFragment<ecsdb::query::ir::Select> {
    sql: "select distinct entity from components where (entity in (select entity from components where component = :1) and entity not in (select entity from components where component = :2))",
    placeholders: [
        (
            ":1",
            <dyn ToSql>,
        ),
        (
            ":2",
            <dyn ToSql>,
        ),
    ],
}
