---
source: src/query/ir.rs
description: "And([WithComponent(\"ecsdb::Foo\"), WithoutComponent(\"ecsdb::Bar\")]).simplify()"
---
And(
    [
        WithComponent(
            "ecsdb::Foo",
        ),
        WithoutComponent(
            "ecsdb::Bar",
        ),
    ],
)
