---
source: src/query/ir.rs
description: None.sql_query()
---
SqlFragment<ecsdb::query::ir::Select> {
    sql: "select distinct entity from components where true",
    placeholders: [],
}
