---
source: src/query/ir.rs
description: None.where_clause()
---
SqlFragment<ecsdb::query::ir::Where> {
    sql: "true",
    placeholders: [],
}
