---
source: src/query/ir.rs
description: "WithoutComponent(\"ecsdb::Test\").simplify()"
---
WithoutComponent(
    "ecsdb::Test",
)
