---
source: src/query/ir.rs
description: "WithComponent(\"ecsdb::Test\").simplify()"
---
WithComponent(
    "ecsdb::Test",
)
