---
source: src/query/ir.rs
description: "Or([WithComponent(\"ecsdb::Foo\"), WithoutComponent(\"ecsdb::Bar\")]).simplify()"
---
Or(
    [
        WithComponent(
            "ecsdb::Foo",
        ),
        WithoutComponent(
            "ecsdb::Bar",
        ),
    ],
)
