---
source: src/query/ir.rs
description: "And([WithComponent(\"ecsdb::Test\"), EntityId(42)]).where_clause()"
---
SqlFragment<ecsdb::query::ir::Where> {
    sql: "(exists (select true from components c2 where c2.entity = components.entity and c2.component = :1) and entity = :2)",
    placeholders: [
        (
            ":1",
            <dyn ToSql>,
        ),
        (
            ":2",
            <dyn ToSql>,
        ),
    ],
}
