---
source: src/query/ir.rs
description: "Or([WithComponent(\"ecsdb::Foo\"), WithoutComponent(\"ecsdb::Bar\")]).sql_query()"
---
SqlFragment<ecsdb::query::ir::Select> {
    sql: "select distinct entity from components where (exists (select true from components c2 where c2.entity = components.entity and c2.component = :1) or not exists (select true from components c2 where c2.entity = components.entity and c2.component = :2))",
    placeholders: [
        (
            ":1",
            Text(
                "ecsdb::Foo",
            ),
        ),
        (
            ":2",
            Text(
                "ecsdb::Bar",
            ),
        ),
    ],
}
