---
source: src/query/ir.rs
description: EntityId(42).where_clause()
---
SqlFragment<ecsdb::query::ir::Where> {
    sql: "entity = ?1",
    placeholders: [
        (
            "?1",
            Integer(
                42,
            ),
        ),
    ],
}
